
Memory Configuration

Name             Origin             Length             Attributes
SRAM             0x20000000         0x00018000         xrw
FLASH            0x08000000         0x00080000         xr
*default*        0x00000000         0xffffffff

Linker script and memory map

LOAD src/obj/main.o
LOAD src/obj/startup_stm32f401re.o
                0x20018000                        __estack = 0x20018000

.isr_vector     0x08000000      0x118
                0x08000000                        . = ALIGN (0x4)
 *(.isr_vector)
 .isr_vector    0x08000000      0x118 src/obj/startup_stm32f401re.o
                0x08000000                fpn_isr_vector
                0x08000118                        . = ALIGN (0x4)

.text           0x08000118      0x154
                0x08000118                        . = ALIGN (0x4)
 *(.text)
 .text          0x08000118       0xbc src/obj/main.o
                0x08000118                main
 .text          0x080001d4       0x8c src/obj/startup_stm32f401re.o
                0x080001d4                Reset_handler
                0x08000258                UART2_handler
                0x08000258                EXTI15_10_handler
                0x08000258                DMA1_Stream7_handler
                0x08000258                UART1_handler
                0x08000258                TIM1_UP_TIM10_handler
                0x08000258                EXTI0_handler
                0x08000258                DMA1_Stream1_handler
                0x08000258                SDIO_handler
                0x08000258                NMI_handler
                0x08000258                DMA2_Stream3_handler
                0x08000258                TIM2_handler
                0x08000258                SPI3_handler
                0x08000258                TIM3_handler
                0x08000258                WWDG_handler
                0x08000258                UART6_handler
                0x08000258                SPI2_handler
                0x08000258                UsuageFault_handler
                0x08000258                SVCall_handler
                0x08000258                DMA2_Stream6_handler
                0x08000258                DebugMonitor_handler
                0x08000258                I2C3_ER_handler
                0x08000258                DMA1_Stream3_handler
                0x08000258                MemManage_handler
                0x08000258                SPI4_handler
                0x08000258                HardFault_handler
                0x08000258                DMA1_Stream5_handler
                0x08000258                FPU_handler
                0x08000258                DMA2_Stream5_handler
                0x08000258                EXITI21_TAMP_STAMP_handler
                0x08000258                EXTI18_OTG_FS_WKUP_handler
                0x08000258                RCC_handler
                0x08000258                Systick_handler
                0x08000258                EXTI2_handler
                0x08000258                DMA2_Stream1_handler
                0x08000258                I2C1_ER_handler
                0x08000258                EXTI9_5__handler
                0x08000258                EXTI17_RTC_Alarm_handler
                0x08000258                I2C2_EV_handler
                0x08000258                EXITI22_RTC_WKUP_handler
                0x08000258                EXTI3_handler
                0x08000258                DMA2_Stream0_handler
                0x08000258                FLASH_handler
                0x08000258                OTG_FS_handler
                0x08000258                DMA1_Stream4_handler
                0x08000258                I2C2_ER_handler
                0x08000258                TIM1_BRK_TIM9_handler
                0x08000258                TIM4_handler
                0x08000258                DMA1_Stream2_handler
                0x08000258                EXTI4_handler
                0x08000258                DMA1_Stream6_handler
                0x08000258                ADC_handler
                0x08000258                I2C1_EV_handler
                0x08000258                SPI1_handler
                0x08000258                DMA2_Stream4_handler
                0x08000258                PendSV_handler
                0x08000258                DMA2_Stream7_handler
                0x08000258                DMA1_Stream0_handler
                0x08000258                DMA2_Stream2_handler
                0x08000258                EXTI1_handler
                0x08000258                TIM1_TRG_COM_TIM11_handler
                0x08000258                TIM5_handler
                0x08000258                EXITI16_PVD__handler
                0x08000258                I2C3_EV_handler
                0x08000258                BusFault_handler
                0x08000258                TIM1_CC_handler
                0x08000258                Default_handler
 *(.rodata)
 .rodata        0x08000260        0xc src/obj/main.o
                0x08000260                RCC
                0x08000264                GPIOA
                0x08000268                TIM2
                0x0800026c                        . = ALIGN (0x4)
                0x0800026c                        __etext = .

.glue_7         0x0800026c        0x0
 .glue_7        0x0800026c        0x0 linker stubs

.glue_7t        0x0800026c        0x0
 .glue_7t       0x0800026c        0x0 linker stubs

.vfp11_veneer   0x0800026c        0x0
 .vfp11_veneer  0x0800026c        0x0 linker stubs

.v4_bx          0x0800026c        0x0
 .v4_bx         0x0800026c        0x0 linker stubs

.iplt           0x0800026c        0x0
 .iplt          0x0800026c        0x0 src/obj/startup_stm32f401re.o

.rel.dyn        0x0800026c        0x0
 .rel.iplt      0x0800026c        0x0 src/obj/startup_stm32f401re.o

.data           0x20000000        0x0 load address 0x0800026c
                0x20000000                        . = ALIGN (0x4)
                0x20000000                        __sdata = .
 *(.data)
 .data          0x20000000        0x0 src/obj/main.o
 .data          0x20000000        0x0 src/obj/startup_stm32f401re.o
                0x20000000                        . = ALIGN (0x4)
                0x20000000                        __edata = .

.igot.plt       0x20000000        0x0 load address 0x0800026c
 .igot.plt      0x20000000        0x0 src/obj/startup_stm32f401re.o

.bss            0x20000000        0x0 load address 0x0800026c
                0x20000000                        . = ALIGN (0x4)
                0x20000000                        __sbss = .
 *(.bss)
 .bss           0x20000000        0x0 src/obj/main.o
 .bss           0x20000000        0x0 src/obj/startup_stm32f401re.o
 *(COMMON)
                0x20000000                        . = ALIGN (0x4)
                0x20000000                        __ebss = .
OUTPUT(debug/main.elf elf32-littlearm)
LOAD linker stubs

.debug_info     0x00000000      0x5a2
 .debug_info    0x00000000      0x41d src/obj/main.o
 .debug_info    0x0000041d      0x185 src/obj/startup_stm32f401re.o

.debug_abbrev   0x00000000      0x1d8
 .debug_abbrev  0x00000000       0xcb src/obj/main.o
 .debug_abbrev  0x000000cb      0x10d src/obj/startup_stm32f401re.o

.debug_aranges  0x00000000       0x40
 .debug_aranges
                0x00000000       0x20 src/obj/main.o
 .debug_aranges
                0x00000020       0x20 src/obj/startup_stm32f401re.o

.debug_line     0x00000000      0x278
 .debug_line    0x00000000      0x133 src/obj/main.o
 .debug_line    0x00000133      0x145 src/obj/startup_stm32f401re.o

.debug_str      0x00000000      0x3f1
 .debug_str     0x00000000      0x368 src/obj/main.o
                                0x3a5 (size before relaxing)
 .debug_str     0x00000368       0x89 src/obj/startup_stm32f401re.o
                                0x1bc (size before relaxing)

.comment        0x00000000       0x4c
 .comment       0x00000000       0x4c src/obj/main.o
                                 0x4d (size before relaxing)
 .comment       0x0000004c       0x4d src/obj/startup_stm32f401re.o

.ARM.attributes
                0x00000000       0x2e
 .ARM.attributes
                0x00000000       0x2e src/obj/main.o
 .ARM.attributes
                0x0000002e       0x2e src/obj/startup_stm32f401re.o

.debug_frame    0x00000000       0x74
 .debug_frame   0x00000000       0x28 src/obj/main.o
 .debug_frame   0x00000028       0x4c src/obj/startup_stm32f401re.o
