
Memory Configuration

Name             Origin             Length             Attributes
SRAM             0x20000000         0x00018000         xrw
FLASH            0x08000000         0x00080000         xr
*default*        0x00000000         0xffffffff

Linker script and memory map

LOAD src/obj/main.o
LOAD src/obj/startup_stm32f401re.o
                0x20018000                        __estack = 0x20018000

.isr_vector     0x08000000      0x118
                0x08000000                        . = ALIGN (0x4)
 *(.isr_vector)
 .isr_vector    0x08000000      0x118 src/obj/startup_stm32f401re.o
                0x08000000                fpn_isr_vector
                0x08000118                        . = ALIGN (0x4)

.text           0x08000118       0x94
                0x08000118                        . = ALIGN (0x4)
 *(.text)
 .text          0x08000118        0x8 src/obj/main.o
                0x08000118                main
 .text          0x08000120       0x8c src/obj/startup_stm32f401re.o
                0x08000120                Reset_handler
                0x080001a4                UART2_handler
                0x080001a4                EXTI15_10_handler
                0x080001a4                DMA1_Stream7_handler
                0x080001a4                UART1_handler
                0x080001a4                TIM1_UP_TIM10_handler
                0x080001a4                EXTI0_handler
                0x080001a4                DMA1_Stream1_handler
                0x080001a4                SDIO_handler
                0x080001a4                NMI_handler
                0x080001a4                DMA2_Stream3_handler
                0x080001a4                TIM2_handler
                0x080001a4                SPI3_handler
                0x080001a4                TIM3_handler
                0x080001a4                WWDG_handler
                0x080001a4                UART6_handler
                0x080001a4                SPI2_handler
                0x080001a4                UsuageFault_handler
                0x080001a4                SVCall_handler
                0x080001a4                DMA2_Stream6_handler
                0x080001a4                DebugMonitor_handler
                0x080001a4                I2C3_ER_handler
                0x080001a4                DMA1_Stream3_handler
                0x080001a4                MemManage_handler
                0x080001a4                SPI4_handler
                0x080001a4                HardFault_handler
                0x080001a4                DMA1_Stream5_handler
                0x080001a4                FPU_handler
                0x080001a4                DMA2_Stream5_handler
                0x080001a4                EXITI21_TAMP_STAMP_handler
                0x080001a4                EXTI18_OTG_FS_WKUP_handler
                0x080001a4                RCC_handler
                0x080001a4                Systick_handler
                0x080001a4                EXTI2_handler
                0x080001a4                DMA2_Stream1_handler
                0x080001a4                I2C1_ER_handler
                0x080001a4                EXTI9_5__handler
                0x080001a4                EXTI17_RTC_Alarm_handler
                0x080001a4                I2C2_EV_handler
                0x080001a4                EXITI22_RTC_WKUP_handler
                0x080001a4                EXTI3_handler
                0x080001a4                DMA2_Stream0_handler
                0x080001a4                FLASH_handler
                0x080001a4                OTG_FS_handler
                0x080001a4                DMA1_Stream4_handler
                0x080001a4                I2C2_ER_handler
                0x080001a4                TIM1_BRK_TIM9_handler
                0x080001a4                TIM4_handler
                0x080001a4                DMA1_Stream2_handler
                0x080001a4                EXTI4_handler
                0x080001a4                DMA1_Stream6_handler
                0x080001a4                ADC_handler
                0x080001a4                I2C1_EV_handler
                0x080001a4                SPI1_handler
                0x080001a4                DMA2_Stream4_handler
                0x080001a4                PendSV_handler
                0x080001a4                DMA2_Stream7_handler
                0x080001a4                DMA1_Stream0_handler
                0x080001a4                DMA2_Stream2_handler
                0x080001a4                EXTI1_handler
                0x080001a4                TIM1_TRG_COM_TIM11_handler
                0x080001a4                TIM5_handler
                0x080001a4                EXITI16_PVD__handler
                0x080001a4                I2C3_EV_handler
                0x080001a4                BusFault_handler
                0x080001a4                TIM1_CC_handler
                0x080001a4                Default_handler
 *(.rodata)
                0x080001ac                        . = ALIGN (0x4)
                0x080001ac                        __etext = .

.glue_7         0x080001ac        0x0
 .glue_7        0x080001ac        0x0 linker stubs

.glue_7t        0x080001ac        0x0
 .glue_7t       0x080001ac        0x0 linker stubs

.vfp11_veneer   0x080001ac        0x0
 .vfp11_veneer  0x080001ac        0x0 linker stubs

.v4_bx          0x080001ac        0x0
 .v4_bx         0x080001ac        0x0 linker stubs

.iplt           0x080001ac        0x0
 .iplt          0x080001ac        0x0 src/obj/startup_stm32f401re.o

.rel.dyn        0x080001ac        0x0
 .rel.iplt      0x080001ac        0x0 src/obj/startup_stm32f401re.o

.data           0x20000000        0x0 load address 0x080001ac
                0x20000000                        . = ALIGN (0x4)
                0x20000000                        __sdata = .
 *(.data)
 .data          0x20000000        0x0 src/obj/main.o
 .data          0x20000000        0x0 src/obj/startup_stm32f401re.o
                0x20000000                        . = ALIGN (0x4)
                0x20000000                        __edata = .

.igot.plt       0x20000000        0x0 load address 0x080001ac
 .igot.plt      0x20000000        0x0 src/obj/startup_stm32f401re.o

.bss            0x20000000        0x0 load address 0x080001ac
                0x20000000                        . = ALIGN (0x4)
                0x20000000                        __sbss = .
 *(.bss)
 .bss           0x20000000        0x0 src/obj/main.o
 .bss           0x20000000        0x0 src/obj/startup_stm32f401re.o
 *(COMMON)
                0x20000000                        . = ALIGN (0x4)
                0x20000000                        __ebss = .
OUTPUT(debug/main.elf elf32-littlearm)
LOAD linker stubs

.debug_info     0x00000000      0x208
 .debug_info    0x00000000       0x83 src/obj/main.o
 .debug_info    0x00000083      0x185 src/obj/startup_stm32f401re.o

.debug_abbrev   0x00000000      0x152
 .debug_abbrev  0x00000000       0x45 src/obj/main.o
 .debug_abbrev  0x00000045      0x10d src/obj/startup_stm32f401re.o

.debug_aranges  0x00000000       0x40
 .debug_aranges
                0x00000000       0x20 src/obj/main.o
 .debug_aranges
                0x00000020       0x20 src/obj/startup_stm32f401re.o

.debug_line     0x00000000      0x186
 .debug_line    0x00000000       0x41 src/obj/main.o
 .debug_line    0x00000041      0x145 src/obj/startup_stm32f401re.o

.debug_str      0x00000000      0x18a
 .debug_str     0x00000000       0xf6 src/obj/main.o
                                0x12a (size before relaxing)
 .debug_str     0x000000f6       0x94 src/obj/startup_stm32f401re.o
                                0x1bc (size before relaxing)

.comment        0x00000000       0x4c
 .comment       0x00000000       0x4c src/obj/main.o
                                 0x4d (size before relaxing)
 .comment       0x0000004c       0x4d src/obj/startup_stm32f401re.o

.ARM.attributes
                0x00000000       0x2e
 .ARM.attributes
                0x00000000       0x2e src/obj/main.o
 .ARM.attributes
                0x0000002e       0x2e src/obj/startup_stm32f401re.o

.debug_frame    0x00000000       0x74
 .debug_frame   0x00000000       0x28 src/obj/main.o
 .debug_frame   0x00000028       0x4c src/obj/startup_stm32f401re.o
